{
    "time": "Sun, 01 Feb 2026 01:46:07 +0100",
    "server": "localhost",
    "ip": "::1",
    "errno": "1 (Error)",
    "errstr": "Uncaught PDOException: SQLSTATE&lbrack;HY000&rbrack;: General error: 2006 MySQL server has gone away in /includes/vendor/vinades/nukeviet/Core/Database.php:544",
    "file": "/includes/vendor/vinades/nukeviet/Core/Database.php",
    "line": 544,
    "request": "/nukeviet/",
    "method": "GET",
    "agent": "Mozilla/5.0 (Windows NT 10.0; Win64; x64) AppleWebKit/537.36 (KHTML, like Gecko) Chrome/144.0.0.0 Safari/537.36",
    "backtrace": [
        "#0 /includes/vendor/vinades/nukeviet/Core/Database.php(544): PDO->query('SELECT a.admin_...', NULL)",
        "#1 /includes/core/admin_access.php(120): NukeViet/Core/Database->query('SELECT a.admin_...')",
        "#2 /includes/core/is_admin.php(43): nv_admin_checkdata('{\"admin_id\":1,\"...')",
        "#3 /includes/mainfile.php(533): require('C:/xampp/htdocs...')",
        "#4 /index.php(17): require('C:/xampp/htdocs...')",
        "#5 {main}",
        "thrown"
    ]
}
-------------------
{
    "time": "Sun, 01 Feb 2026 01:46:09 +0100",
    "server": "localhost",
    "ip": "::1",
    "errno": "256 (User Error)",
    "errstr": "Sorry! Could not connect to data server",
    "file": "/includes/mainfile.php",
    "line": 356,
    "request": "/nukeviet/sload.php?nocache=1769906769069",
    "method": "POST",
    "agent": "Mozilla/5.0 (Windows NT 10.0; Win64; x64) AppleWebKit/537.36 (KHTML, like Gecko) Chrome/144.0.0.0 Safari/537.36"
}
-------------------
