{
    "time": "Wed, 04 Feb 2026 01:14:13 +0100",
    "server": "localhost",
    "ip": "::1",
    "errno": "2 (Warning)",
    "errstr": "Constant NV_DEBUG already defined",
    "file": "/config.php",
    "line": 39,
    "request": "/nukeviet/",
    "method": "GET",
    "agent": "Mozilla/5.0 (Windows NT 10.0; Win64; x64) AppleWebKit/537.36 (KHTML, like Gecko) Chrome/144.0.0.0 Safari/537.36 Edg/144.0.0.0"
}
-------------------
{
    "time": "Wed, 04 Feb 2026 01:27:44 +0100",
    "server": "localhost",
    "ip": "::1",
    "errno": "2 (Warning)",
    "errstr": "Undefined array key \"devices\"",
    "file": "/modules/devices/funcs/main.php",
    "line": 128,
    "request": "/nukeviet/index.php?language=vi&nv=devices",
    "method": "GET",
    "agent": "Mozilla/5.0 (Windows NT 10.0; Win64; x64) AppleWebKit/537.36 (KHTML, like Gecko) Chrome/144.0.0.0 Safari/537.36 Edg/144.0.0.0"
}
-------------------
{
    "time": "Wed, 04 Feb 2026 01:27:44 +0100",
    "server": "localhost",
    "ip": "::1",
    "errno": "2 (Warning)",
    "errstr": "Undefined variable $page",
    "file": "/modules/devices/funcs/main.php",
    "line": 131,
    "request": "/nukeviet/index.php?language=vi&nv=devices",
    "method": "GET",
    "agent": "Mozilla/5.0 (Windows NT 10.0; Win64; x64) AppleWebKit/537.36 (KHTML, like Gecko) Chrome/144.0.0.0 Safari/537.36 Edg/144.0.0.0"
}
-------------------
{
    "time": "Wed, 04 Feb 2026 01:27:44 +0100",
    "server": "localhost",
    "ip": "::1",
    "errno": "2 (Warning)",
    "errstr": "Undefined array key \"devices\"",
    "file": "/modules/devices/funcs/main.php",
    "line": 158,
    "request": "/nukeviet/devices/",
    "method": "GET",
    "agent": "Mozilla/5.0 (Windows NT 10.0; Win64; x64) AppleWebKit/537.36 (KHTML, like Gecko) Chrome/144.0.0.0 Safari/537.36 Edg/144.0.0.0"
}
-------------------
{
    "time": "Wed, 04 Feb 2026 01:27:44 +0100",
    "server": "localhost",
    "ip": "::1",
    "errno": "2 (Warning)",
    "errstr": "Undefined variable $page",
    "file": "/modules/devices/funcs/main.php",
    "line": 465,
    "request": "/nukeviet/devices/",
    "method": "GET",
    "agent": "Mozilla/5.0 (Windows NT 10.0; Win64; x64) AppleWebKit/537.36 (KHTML, like Gecko) Chrome/144.0.0.0 Safari/537.36 Edg/144.0.0.0"
}
-------------------
{
    "time": "Wed, 04 Feb 2026 01:31:08 +0100",
    "server": "localhost",
    "ip": "::1",
    "errno": "2 (Warning)",
    "errstr": "Undefined array key \"module_name\"",
    "file": "/modules/devices/functions.php",
    "line": 44,
    "request": "/nukeviet/devices/",
    "method": "GET",
    "agent": "Mozilla/5.0 (Windows NT 10.0; Win64; x64) AppleWebKit/537.36 (KHTML, like Gecko) Chrome/144.0.0.0 Safari/537.36 Edg/144.0.0.0"
}
-------------------
{
    "time": "Wed, 04 Feb 2026 01:31:08 +0100",
    "server": "localhost",
    "ip": "::1",
    "errno": "2 (Warning)",
    "errstr": "Undefined array key \"module_name\"",
    "file": "/modules/devices/functions.php",
    "line": 58,
    "request": "/nukeviet/devices/",
    "method": "GET",
    "agent": "Mozilla/5.0 (Windows NT 10.0; Win64; x64) AppleWebKit/537.36 (KHTML, like Gecko) Chrome/144.0.0.0 Safari/537.36 Edg/144.0.0.0"
}
-------------------
{
    "time": "Wed, 04 Feb 2026 02:20:34 +0100",
    "server": "localhost",
    "ip": "::1",
    "errno": "2 (Warning)",
    "errstr": "Undefined variable $id",
    "file": "/modules/devices/funcs/category.php",
    "line": 13,
    "request": "/nukeviet/devices/category/",
    "method": "GET",
    "agent": "Mozilla/5.0 (Windows NT 10.0; Win64; x64) AppleWebKit/537.36 (KHTML, like Gecko) Chrome/144.0.0.0 Safari/537.36 Edg/144.0.0.0"
}
-------------------
{
    "time": "Wed, 04 Feb 2026 06:25:21 +0100",
    "server": "localhost",
    "ip": "::1",
    "errno": "2 (Warning)",
    "errstr": "Undefined array key \"category\"",
    "file": "/modules/devices/funcs/main.php",
    "line": 33,
    "request": "/nukeviet/devices/",
    "method": "GET",
    "agent": "Mozilla/5.0 (Windows NT 10.0; Win64; x64) AppleWebKit/537.36 (KHTML, like Gecko) Chrome/144.0.0.0 Safari/537.36"
}
-------------------
{
    "time": "Wed, 04 Feb 2026 06:25:21 +0100",
    "server": "localhost",
    "ip": "::1",
    "errno": "2 (Warning)",
    "errstr": "Undefined array key \"main\"",
    "file": "/modules/devices/funcs/main.php",
    "line": 100,
    "request": "/nukeviet/devices/",
    "method": "GET",
    "agent": "Mozilla/5.0 (Windows NT 10.0; Win64; x64) AppleWebKit/537.36 (KHTML, like Gecko) Chrome/144.0.0.0 Safari/537.36"
}
-------------------
{
    "time": "Wed, 04 Feb 2026 08:16:24 +0100",
    "server": "localhost",
    "ip": "::1",
    "errno": "2 (Warning)",
    "errstr": "Undefined variable $tpl",
    "file": "/modules/devices/admin/category/content.php",
    "line": 87,
    "request": "/nukeviet/admin/vi/devices/category/content/",
    "method": "GET",
    "agent": "Mozilla/5.0 (Windows NT 10.0; Win64; x64) AppleWebKit/537.36 (KHTML, like Gecko) Chrome/144.0.0.0 Safari/537.36"
}
-------------------
