{
    "time": "Tue, 03 Feb 2026 13:39:13 +0100",
    "server": "localhost",
    "ip": "::1",
    "errno": "4 (Parsing Error)",
    "errstr": "Unclosed '{' on line 17 does not match ')'",
    "file": "/includes/plugin/get_global_admin_theme.php",
    "line": 50,
    "request": "/nukeviet/admin/index.php?language=vi&nv=siteinfo&op=notification&nocache=1770122353492",
    "method": "POST",
    "agent": "Mozilla/5.0 (Windows NT 10.0; Win64; x64) AppleWebKit/537.36 (KHTML, like Gecko) Chrome/144.0.0.0 Safari/537.36 Edg/144.0.0.0"
}
-------------------
{
    "time": "Tue, 03 Feb 2026 14:11:12 +0100",
    "server": "localhost",
    "ip": "::1",
    "errno": "1 (Error)",
    "errstr": "Uncaught PDOException: SQLSTATE&lbrack;42S02&rbrack;: Base table or view not found: 1146 Table 'nukeviet.nv5_vi_menu_device_categories' doesn't exist in /includes/vendor/vinades/nukeviet/Core/Database.php:544",
    "file": "/includes/vendor/vinades/nukeviet/Core/Database.php",
    "line": 544,
    "request": "/nukeviet/admin/index.php?language=vi&nv=menu&nocache=1770124272876",
    "method": "POST",
    "agent": "Mozilla/5.0 (Windows NT 10.0; Win64; x64) AppleWebKit/537.36 (KHTML, like Gecko) Chrome/144.0.0.0 Safari/537.36 Edg/144.0.0.0",
    "backtrace": [
        "#0 /includes/vendor/vinades/nukeviet/Core/Database.php(544): PDO->query('SELECT id, titl...', NULL)",
        "#1 /modules/devices/menu.php(15): NukeViet/Core/Database->query('SELECT id, titl...')",
        "#2 /modules/menu/admin/main.php(366): include('C:/xampp/htdocs...')",
        "#3 /admin/index.php(170): require('C:/xampp/htdocs...')",
        "#4 {main}",
        "thrown"
    ]
}
-------------------
