{
    "time": "Tue, 03 Feb 2026 13:36:44 +0100",
    "server": "localhost",
    "ip": "::1",
    "errno": "2 (Warning)",
    "errstr": "Undefined variable $lang_module",
    "file": "/modules/devices/admin.menu.php",
    "line": 17,
    "request": "/nukeviet/admin/",
    "method": "GET",
    "agent": "Mozilla/5.0 (Windows NT 10.0; Win64; x64) AppleWebKit/537.36 (KHTML, like Gecko) Chrome/144.0.0.0 Safari/537.36 Edg/144.0.0.0"
}
-------------------
{
    "time": "Tue, 03 Feb 2026 13:36:44 +0100",
    "server": "localhost",
    "ip": "::1",
    "errno": "2 (Warning)",
    "errstr": "Undefined variable $lang_module",
    "file": "/modules/devices/admin.menu.php",
    "line": 18,
    "request": "/nukeviet/admin/",
    "method": "GET",
    "agent": "Mozilla/5.0 (Windows NT 10.0; Win64; x64) AppleWebKit/537.36 (KHTML, like Gecko) Chrome/144.0.0.0 Safari/537.36 Edg/144.0.0.0"
}
-------------------
{
    "time": "Tue, 03 Feb 2026 13:36:44 +0100",
    "server": "localhost",
    "ip": "::1",
    "errno": "2 (Warning)",
    "errstr": "Undefined variable $lang_module",
    "file": "/modules/devices/admin.menu.php",
    "line": 19,
    "request": "/nukeviet/admin/",
    "method": "GET",
    "agent": "Mozilla/5.0 (Windows NT 10.0; Win64; x64) AppleWebKit/537.36 (KHTML, like Gecko) Chrome/144.0.0.0 Safari/537.36 Edg/144.0.0.0"
}
-------------------
{
    "time": "Tue, 03 Feb 2026 13:48:51 +0100",
    "server": "localhost",
    "ip": "::1",
    "errno": "2 (Warning)",
    "errstr": "Undefined variable $lang_module",
    "file": "/modules/devices/admin.menu.php",
    "line": 20,
    "request": "/nukeviet/admin/vi/modules/show/?mod=devices",
    "method": "GET",
    "agent": "Mozilla/5.0 (Windows NT 10.0; Win64; x64) AppleWebKit/537.36 (KHTML, like Gecko) Chrome/144.0.0.0 Safari/537.36 Edg/144.0.0.0"
}
-------------------
