{
    "time": "Mon, 02 Feb 2026 08:05:31 +0100",
    "server": "localhost",
    "ip": "::1",
    "errno": "2 (Warning)",
    "errstr": "Undefined variable $lang_module",
    "file": "/modules/devices/admin.menu.php",
    "line": 17,
    "request": "/nukeviet/admin/",
    "method": "GET",
    "agent": "Mozilla/5.0 (Windows NT 10.0; Win64; x64) AppleWebKit/537.36 (KHTML, like Gecko) Chrome/144.0.0.0 Safari/537.36"
}
-------------------
{
    "time": "Mon, 02 Feb 2026 08:05:31 +0100",
    "server": "localhost",
    "ip": "::1",
    "errno": "2 (Warning)",
    "errstr": "Undefined variable $lang_module",
    "file": "/modules/devices/admin.menu.php",
    "line": 18,
    "request": "/nukeviet/admin/",
    "method": "GET",
    "agent": "Mozilla/5.0 (Windows NT 10.0; Win64; x64) AppleWebKit/537.36 (KHTML, like Gecko) Chrome/144.0.0.0 Safari/537.36"
}
-------------------
{
    "time": "Mon, 02 Feb 2026 08:05:31 +0100",
    "server": "localhost",
    "ip": "::1",
    "errno": "2 (Warning)",
    "errstr": "Undefined variable $lang_module",
    "file": "/modules/devices/admin.menu.php",
    "line": 19,
    "request": "/nukeviet/admin/",
    "method": "GET",
    "agent": "Mozilla/5.0 (Windows NT 10.0; Win64; x64) AppleWebKit/537.36 (KHTML, like Gecko) Chrome/144.0.0.0 Safari/537.36"
}
-------------------
